exports[`GraphQLDateTime serialization throws an error serializing the invalid unix timestamp -2147483649 1`] = `"DateTime cannot represent an invalid Unix timestamp -2147483649"`;

exports[`GraphQLDateTime serialization throws an error serializing the invalid unix timestamp 2147483648 1`] = `"DateTime cannot represent an invalid Unix timestamp 2147483648"`;

exports[`GraphQLDateTime serialization throws an error serializing the invalid unix timestamp Infinity 1`] = `"DateTime cannot represent an invalid Unix timestamp Infinity"`;

exports[`GraphQLDateTime serialization throws an error serializing the invalid unix timestamp Infinity 2`] = `"DateTime cannot represent an invalid Unix timestamp Infinity"`;

exports[`GraphQLDateTime serialization throws an error serializing the invalid unix timestamp NaN 1`] = `"DateTime cannot represent an invalid Unix timestamp NaN"`;

exports[`GraphQLDateTime serialization throws an error when serializing an invalid date-string "2015-02-24T00:00:00.000+0100" 1`] = `"DateTime cannot represent an invalid date-time-string 2015-02-24T00:00:00.000+0100. You must provide a valid date-time-string in one of the following formats: YYYY-MM-DDThh:mm:ssZ, YYYY-MM-DDThh:mm:ss±hh:mm, YYYY-MM-DDThh:mm:ss.sssZ, YYYY-MM-DDThh:mm:ss.sss±hh:mm."`;

exports[`GraphQLDateTime serialization throws an error when serializing an invalid date-string "2016-02-01T00:00:00.1Z" 1`] = `"DateTime cannot represent an invalid date-time-string 2016-02-01T00:00:00.1Z. You must provide a valid date-time-string in one of the following formats: YYYY-MM-DDThh:mm:ssZ, YYYY-MM-DDThh:mm:ss±hh:mm, YYYY-MM-DDThh:mm:ss.sssZ, YYYY-MM-DDThh:mm:ss.sss±hh:mm."`;

exports[`GraphQLDateTime serialization throws an error when serializing an invalid date-string "2016-02-01T00:00Z" 1`] = `"DateTime cannot represent an invalid date-time-string 2016-02-01T00:00Z. You must provide a valid date-time-string in one of the following formats: YYYY-MM-DDThh:mm:ssZ, YYYY-MM-DDThh:mm:ss±hh:mm, YYYY-MM-DDThh:mm:ss.sssZ, YYYY-MM-DDThh:mm:ss.sss±hh:mm."`;

exports[`GraphQLDateTime serialization throws an error when serializing an invalid date-string "2016-02-01T000059Z" 1`] = `"DateTime cannot represent an invalid date-time-string 2016-02-01T000059Z. You must provide a valid date-time-string in one of the following formats: YYYY-MM-DDThh:mm:ssZ, YYYY-MM-DDThh:mm:ss±hh:mm, YYYY-MM-DDThh:mm:ss.sssZ, YYYY-MM-DDThh:mm:ss.sss±hh:mm."`;

exports[`GraphQLDateTime serialization throws an error when serializing an invalid date-string "2016-02-01T00Z" 1`] = `"DateTime cannot represent an invalid date-time-string 2016-02-01T00Z. You must provide a valid date-time-string in one of the following formats: YYYY-MM-DDThh:mm:ssZ, YYYY-MM-DDThh:mm:ss±hh:mm, YYYY-MM-DDThh:mm:ss.sssZ, YYYY-MM-DDThh:mm:ss.sss±hh:mm."`;

exports[`GraphQLDateTime serialization throws an error when serializing an invalid date-string "Invalid date" 1`] = `"DateTime cannot represent an invalid date-time-string Invalid date. You must provide a valid date-time-string in one of the following formats: YYYY-MM-DDThh:mm:ssZ, YYYY-MM-DDThh:mm:ss±hh:mm, YYYY-MM-DDThh:mm:ss.sssZ, YYYY-MM-DDThh:mm:ss.sss±hh:mm."`;

exports[`GraphQLDateTime serialization throws error when serializing {} 1`] = `"DateTime cannot be serialized from a non string, non numeric or non Date type {}"`;

exports[`GraphQLDateTime serialization throws error when serializing Array [] 1`] = `"DateTime cannot be serialized from a non string, non numeric or non Date type []"`;

exports[`GraphQLDateTime serialization throws error when serializing invalid date 1`] = `"DateTime cannot represent an invalid Date instance"`;

exports[`GraphQLDateTime serialization throws error when serializing null 1`] = `"DateTime cannot be serialized from a non string, non numeric or non Date type null"`;

exports[`GraphQLDateTime serialization throws error when serializing true 1`] = `"DateTime cannot be serialized from a non string, non numeric or non Date type true"`;

exports[`GraphQLDateTime serialization throws error when serializing undefined 1`] = `"DateTime cannot be serialized from a non string, non numeric or non Date type undefined"`;

exports[`GraphQLDateTime value parsing throws an error parsing an invalid date-string "2015-02-24T00:00:00.000+0100" 1`] = `"DateTime cannot represent an invalid date-time-string 2015-02-24T00:00:00.000+0100. You must provide a valid date-time-string in one of the following formats: YYYY-MM-DDThh:mm:ssZ, YYYY-MM-DDThh:mm:ss±hh:mm, YYYY-MM-DDThh:mm:ss.sssZ, YYYY-MM-DDThh:mm:ss.sss±hh:mm."`;

exports[`GraphQLDateTime value parsing throws an error parsing an invalid date-string "2016-02-01T00:00:00.1Z" 1`] = `"DateTime cannot represent an invalid date-time-string 2016-02-01T00:00:00.1Z. You must provide a valid date-time-string in one of the following formats: YYYY-MM-DDThh:mm:ssZ, YYYY-MM-DDThh:mm:ss±hh:mm, YYYY-MM-DDThh:mm:ss.sssZ, YYYY-MM-DDThh:mm:ss.sss±hh:mm."`;

exports[`GraphQLDateTime value parsing throws an error parsing an invalid date-string "2016-02-01T00:00Z" 1`] = `"DateTime cannot represent an invalid date-time-string 2016-02-01T00:00Z. You must provide a valid date-time-string in one of the following formats: YYYY-MM-DDThh:mm:ssZ, YYYY-MM-DDThh:mm:ss±hh:mm, YYYY-MM-DDThh:mm:ss.sssZ, YYYY-MM-DDThh:mm:ss.sss±hh:mm."`;

exports[`GraphQLDateTime value parsing throws an error parsing an invalid date-string "2016-02-01T000059Z" 1`] = `"DateTime cannot represent an invalid date-time-string 2016-02-01T000059Z. You must provide a valid date-time-string in one of the following formats: YYYY-MM-DDThh:mm:ssZ, YYYY-MM-DDThh:mm:ss±hh:mm, YYYY-MM-DDThh:mm:ss.sssZ, YYYY-MM-DDThh:mm:ss.sss±hh:mm."`;

exports[`GraphQLDateTime value parsing throws an error parsing an invalid date-string "2016-02-01T00Z" 1`] = `"DateTime cannot represent an invalid date-time-string 2016-02-01T00Z. You must provide a valid date-time-string in one of the following formats: YYYY-MM-DDThh:mm:ssZ, YYYY-MM-DDThh:mm:ss±hh:mm, YYYY-MM-DDThh:mm:ss.sssZ, YYYY-MM-DDThh:mm:ss.sss±hh:mm."`;

exports[`GraphQLDateTime value parsing throws an error parsing an invalid date-string "Invalid date" 1`] = `"DateTime cannot represent an invalid date-time-string Invalid date. You must provide a valid date-time-string in one of the following formats: YYYY-MM-DDThh:mm:ssZ, YYYY-MM-DDThh:mm:ss±hh:mm, YYYY-MM-DDThh:mm:ss.sssZ, YYYY-MM-DDThh:mm:ss.sss±hh:mm."`;

exports[`GraphQLDateTime value parsing throws an error when parsing {} 1`] = `"DateTime cannot represent non string type {}"`;

exports[`GraphQLDateTime value parsing throws an error when parsing 4566 1`] = `"DateTime cannot represent non string type 4566"`;

exports[`GraphQLDateTime value parsing throws an error when parsing Array [] 1`] = `"DateTime cannot represent non string type []"`;

exports[`GraphQLDateTime value parsing throws an error when parsing null 1`] = `"DateTime cannot represent non string type null"`;

exports[`GraphQLDateTime value parsing throws an error when parsing true 1`] = `"DateTime cannot represent non string type true"`;

exports[`GraphQLDateTime value parsing throws an error when parsing undefined 1`] = `"DateTime cannot represent non string type undefined"`;
