exports[`GraphQLLocalDate serialization throws an error when serializing an invalid date-string "2015-02-29" 1`] = `"Date cannot represent an invalid ISO 8601 date-string 2015-02-29. You must provide a valid date-string in one of the following formats: YYYY-MM-DD."`;

exports[`GraphQLLocalDate serialization throws an error when serializing an invalid date-string "invalid date" 1`] = `"Date cannot represent an invalid ISO 8601 date-string invalid date. You must provide a valid date-string in one of the following formats: YYYY-MM-DD."`;

exports[`GraphQLLocalDate serialization throws error when serializing {} 1`] = `"Date cannot represent a non string, or non Date type {}"`;

exports[`GraphQLLocalDate serialization throws error when serializing Array [] 1`] = `"Date cannot represent a non string, or non Date type []"`;

exports[`GraphQLLocalDate serialization throws error when serializing invalid javascript Date 1`] = `"Date cannot represent an invalid Date instance"`;

exports[`GraphQLLocalDate serialization throws error when serializing null 1`] = `"Date cannot represent a non string, or non Date type null"`;

exports[`GraphQLLocalDate serialization throws error when serializing true 1`] = `"Date cannot represent a non string, or non Date type true"`;

exports[`GraphQLLocalDate serialization throws error when serializing undefined 1`] = `"Date cannot represent a non string, or non Date type undefined"`;

exports[`GraphQLLocalDate value parsing throws an error parsing an invalid datetime-string "2015-02-29" 1`] = `"Date cannot represent an invalid ISO 8601 date-string 2015-02-29. You must provide a valid date-string in one of the following formats: YYYY-MM-DD."`;

exports[`GraphQLLocalDate value parsing throws an error parsing an invalid datetime-string "invalid date" 1`] = `"Date cannot represent an invalid ISO 8601 date-string invalid date. You must provide a valid date-string in one of the following formats: YYYY-MM-DD."`;

exports[`GraphQLLocalDate value parsing throws an error when parsing {} 1`] = `"Date cannot represent non string type {}"`;

exports[`GraphQLLocalDate value parsing throws an error when parsing 4566 1`] = `"Date cannot represent non string type 4566"`;

exports[`GraphQLLocalDate value parsing throws an error when parsing Array [] 1`] = `"Date cannot represent non string type []"`;

exports[`GraphQLLocalDate value parsing throws an error when parsing null 1`] = `"Date cannot represent non string type null"`;

exports[`GraphQLLocalDate value parsing throws an error when parsing true 1`] = `"Date cannot represent non string type true"`;

exports[`GraphQLLocalDate value parsing throws an error when parsing undefined 1`] = `"Date cannot represent non string type undefined"`;
